Traceback (most recent call last):
  File "C:\Users\ASUS\AppData\Local\Programs\Python\Python39\lib\site-packages\jupyter_core\utils\__init__.py", line 154, in wrapped
    asyncio.get_running_loop()
RuntimeError: no running event loop

During handling of the above exception, another exception occurred:

Traceback (most recent call last):
  File "C:\Users\ASUS\AppData\Local\Programs\Python\Python39\lib\site-packages\jupyter_cache\executors\utils.py", line 58, in single_nb_execution
    executenb(
  File "C:\Users\ASUS\AppData\Local\Programs\Python\Python39\lib\site-packages\nbclient\client.py", line 1305, in execute
    return NotebookClient(nb=nb, resources=resources, km=km, **kwargs).execute()
  File "C:\Users\ASUS\AppData\Local\Programs\Python\Python39\lib\site-packages\jupyter_core\utils\__init__.py", line 158, in wrapped
    return loop.run_until_complete(inner)
  File "C:\Users\ASUS\AppData\Local\Programs\Python\Python39\lib\asyncio\base_events.py", line 642, in run_until_complete
    return future.result()
  File "C:\Users\ASUS\AppData\Local\Programs\Python\Python39\lib\site-packages\nbclient\client.py", line 705, in async_execute
    await self.async_execute_cell(
  File "C:\Users\ASUS\AppData\Local\Programs\Python\Python39\lib\site-packages\nbclient\client.py", line 1058, in async_execute_cell
    await self._check_raise_for_error(cell, cell_index, exec_reply)
  File "C:\Users\ASUS\AppData\Local\Programs\Python\Python39\lib\site-packages\nbclient\client.py", line 914, in _check_raise_for_error
    raise CellExecutionError.from_cell_and_msg(cell, exec_reply_content)
nbclient.exceptions.CellExecutionError: An error occurred while executing the following cell:
------------------
# Install folium terlebih dahulu jika belum punya dengan menghapus tanda pagar di bawah ini:
# !pip install folium

import folium

# Koordinat dari Anda (format aslinya: [Longitude, Latitude])
coords_lonlat = [
    [112.7678321, -7.1316747],
    [112.7893293, -7.124042],
    [112.8138634, -7.138044],
    [112.8095339, -7.1584098],
    [112.7641537, -7.1628647],
    [112.7587017, -7.1453631],
    [112.7678321, -7.1316747] # Titik tutup
]

# Folium meminta format [Latitude, Longitude], jadi kita balik posisinya
coords_latlon = [[lat, lon] for lon, lat in coords_lonlat]

# Hitung titik tengah agar peta otomatis berpusat di Labang
center_lat = sum([coord[0] for coord in coords_latlon]) / len(coords_latlon)
center_lon = sum([coord[1] for coord in coords_latlon]) / len(coords_latlon)

# Membuat dasar peta (menggunakan satelit/jalanan dasar)
peta_labang = folium.Map(location=[center_lat, center_lon], zoom_start=13, tiles='CartoDB Positron')

# Menambahkan area poligon Anda ke dalam peta
folium.Polygon(
    locations=coords_latlon,
    color='blue',          # Warna garis tepi
    weight=3,
    fill=True,
    fill_color='blue',     # Warna isi area
    fill_opacity=0.3,
    tooltip="Area Studi: Kecamatan Labang"
).add_to(peta_labang)

# Tampilkan peta di Notebook
peta_labang
------------------


[1;31m---------------------------------------------------------------------------[0m
[1;31mModuleNotFoundError[0m                       Traceback (most recent call last)
Cell [1;32mIn[1], line 4[0m
[0;32m      1[0m [38;5;66;03m# Install folium terlebih dahulu jika belum punya dengan menghapus tanda pagar di bawah ini:[39;00m
[0;32m      2[0m [38;5;66;03m# !pip install folium[39;00m
[1;32m----> 4[0m [38;5;28;01mimport[39;00m[38;5;250m [39m[38;5;21;01mfolium[39;00m
[0;32m      6[0m [38;5;66;03m# Koordinat dari Anda (format aslinya: [Longitude, Latitude])[39;00m
[0;32m      7[0m coords_lonlat [38;5;241m=[39m [
[0;32m      8[0m     [[38;5;241m112.7678321[39m, [38;5;241m-[39m[38;5;241m7.1316747[39m],
[0;32m      9[0m     [[38;5;241m112.7893293[39m, [38;5;241m-[39m[38;5;241m7.124042[39m],
[1;32m   (...)[0m
[0;32m     14[0m     [[38;5;241m112.7678321[39m, [38;5;241m-[39m[38;5;241m7.1316747[39m] [38;5;66;03m# Titik tutup[39;00m
[0;32m     15[0m ]

[1;31mModuleNotFoundError[0m: No module named 'folium'

