Traceback (most recent call last):
  File "C:\Users\ASUS\AppData\Local\Programs\Python\Python39\lib\site-packages\jupyter_core\utils\__init__.py", line 154, in wrapped
    asyncio.get_running_loop()
RuntimeError: no running event loop

During handling of the above exception, another exception occurred:

Traceback (most recent call last):
  File "C:\Users\ASUS\AppData\Local\Programs\Python\Python39\lib\site-packages\jupyter_cache\executors\utils.py", line 58, in single_nb_execution
    executenb(
  File "C:\Users\ASUS\AppData\Local\Programs\Python\Python39\lib\site-packages\nbclient\client.py", line 1305, in execute
    return NotebookClient(nb=nb, resources=resources, km=km, **kwargs).execute()
  File "C:\Users\ASUS\AppData\Local\Programs\Python\Python39\lib\site-packages\jupyter_core\utils\__init__.py", line 158, in wrapped
    return loop.run_until_complete(inner)
  File "C:\Users\ASUS\AppData\Local\Programs\Python\Python39\lib\asyncio\base_events.py", line 642, in run_until_complete
    return future.result()
  File "C:\Users\ASUS\AppData\Local\Programs\Python\Python39\lib\site-packages\nbclient\client.py", line 705, in async_execute
    await self.async_execute_cell(
  File "C:\Users\ASUS\AppData\Local\Programs\Python\Python39\lib\site-packages\nbclient\client.py", line 1058, in async_execute_cell
    await self._check_raise_for_error(cell, cell_index, exec_reply)
  File "C:\Users\ASUS\AppData\Local\Programs\Python\Python39\lib\site-packages\nbclient\client.py", line 914, in _check_raise_for_error
    raise CellExecutionError.from_cell_and_msg(cell, exec_reply_content)
nbclient.exceptions.CellExecutionError: An error occurred while executing the following cell:
------------------
import matplotlib.pyplot as plt
import pandas as pd
import numpy as np

# --- 1. PERHITUNGAN IQR & DETEKSI OUTLIER ---
# (Pastikan df_co dan kolom 'CO_imputed' sudah ada dari sel sebelumnya)

# Menghitung Kuartil 1 (Q1) dan Kuartil 3 (Q3)
Q1 = df_co["CO_imputed"].quantile(0.25)
Q3 = df_co["CO_imputed"].quantile(0.75)

# Menghitung rentang interkuartil (IQR)
IQR = Q3 - Q1

# Menentukan Batas Bawah dan Batas Atas (Sesuai rumus di Bab 2)
batas_bawah = Q1 - 1.5 * IQR
batas_atas = Q3 + 1.5 * IQR

# Memisahkan data yang teridentifikasi sebagai outlier untuk ditandai di grafik
outliers = df_co[(df_co["CO_imputed"] < batas_bawah) | (df_co["CO_imputed"] > batas_atas)]

print(f"Batas Bawah: {batas_bawah}")
print(f"Batas Atas: {batas_atas}")
print(f"Jumlah Outlier terdeteksi: {len(outliers)}")


# --- 2. VISUALISASI ---
# Menyiapkan Canvas untuk 2 Subplot (Boxplot & Time Series)
fig, (ax1, ax2) = plt.subplots(1, 2, figsize=(14, 5))

# Subplot 1: Boxplot (Kiri)
ax1.boxplot(df_co["CO_imputed"], vert=True, patch_artist=True, boxprops=dict(facecolor='lightblue'))
ax1.set_title("Boxplot Deteksi Outlier CO Labang")
ax1.set_ylabel("Konsentrasi CO")
ax1.axhline(batas_atas, color="red", linestyle="--", label="Batas Atas (Upper Bound)")
ax1.axhline(batas_bawah, color="blue", linestyle="--", label="Batas Bawah (Lower Bound)")
ax1.legend()

# Subplot 2: Time Series dengan Titik Outlier (Kanan)
ax2.plot(df_co["date"], df_co["CO_imputed"], label="Data CO (Imputed)", color="gray", alpha=0.7)

# Memberi tanda titik merah tebal pada nilai yang teridentifikasi sebagai outlier
ax2.scatter(
    outliers["date"],
    outliers["CO_imputed"],
    color="red",
    label="Titik Outlier",
    zorder=5,
)
ax2.axhline(batas_atas, color="red", linestyle="--", label="Batas Atas (Upper Bound)")
ax2.axhline(batas_bawah, color="blue", linestyle="--", label="Batas Bawah (Lower Bound)")

ax2.set_title("Sebaran Outlier pada Time Series CO Labang")
ax2.set_xlabel("Waktu")
ax2.set_ylabel("Konsentrasi CO")
ax2.legend()

# Menampilkan gambar dengan layout yang rapi
plt.tight_layout()
plt.show()
------------------


[1;31m---------------------------------------------------------------------------[0m
[1;31mModuleNotFoundError[0m                       Traceback (most recent call last)
Cell [1;32mIn[2], line 1[0m
[1;32m----> 1[0m [38;5;28;01mimport[39;00m[38;5;250m [39m[38;5;21;01mmatplotlib[39;00m[38;5;21;01m.[39;00m[38;5;21;01mpyplot[39;00m[38;5;250m [39m[38;5;28;01mas[39;00m[38;5;250m [39m[38;5;21;01mplt[39;00m
[0;32m      2[0m [38;5;28;01mimport[39;00m[38;5;250m [39m[38;5;21;01mpandas[39;00m[38;5;250m [39m[38;5;28;01mas[39;00m[38;5;250m [39m[38;5;21;01mpd[39;00m
[0;32m      3[0m [38;5;28;01mimport[39;00m[38;5;250m [39m[38;5;21;01mnumpy[39;00m[38;5;250m [39m[38;5;28;01mas[39;00m[38;5;250m [39m[38;5;21;01mnp[39;00m

[1;31mModuleNotFoundError[0m: No module named 'matplotlib'

